MPLINK 5.09, LINKER
Linker Map File - Created Tue May 12 15:54:45 2026

                                 Section Info
                  Section       Type    Address   Location Size(Bytes)
                ---------  ---------  ---------  ---------  ---------
                   .org_0       code   0x000000    program   0x000002
                   .cinit    romdata   0x000001    program   0x000004
                   .org_1       code   0x000004    program   0x000002
                   .org_2       code   0x000005    program   0x00018c
.config_2007_BUILD/DEFAULT/PRODUCTION/TECLADO       code   0x002007    program   0x000002
.config_2008_BUILD/DEFAULT/PRODUCTION/TECLADO       code   0x002008    program   0x000002



                              Program Memory Usage 
                               Start         End      
                           ---------   ---------      
                            0x000000    0x000002      
                            0x000004    0x0000ca      
                            0x002007    0x002008      
            204 out of 8455 program addresses used, program memory utilization is 2%



                              Symbols - Sorted by Name
                     Name    Address   Location    Storage File                     
                ---------  ---------  ---------  --------- ---------                
              ANTIRREBOTE   0x000093    program     static C:\Users\Lizette Quiroga\MPLABXProjects\TECLADO POLLING.X\TECLADOYDISP.asm
                      AR1   0x000095    program     static C:\Users\Lizette Quiroga\MPLABXProjects\TECLADO POLLING.X\TECLADOYDISP.asm
                      AR2   0x000097    program     static C:\Users\Lizette Quiroga\MPLABXProjects\TECLADO POLLING.X\TECLADOYDISP.asm
                  AVANZAR   0x0000c0    program     static C:\Users\Lizette Quiroga\MPLABXProjects\TECLADO POLLING.X\TECLADOYDISP.asm
               DELAY_SCAN   0x00008a    program     static C:\Users\Lizette Quiroga\MPLABXProjects\TECLADO POLLING.X\TECLADOYDISP.asm
                    DISP0   0x0000ad    program     static C:\Users\Lizette Quiroga\MPLABXProjects\TECLADO POLLING.X\TECLADOYDISP.asm
                    DISP1   0x0000b2    program     static C:\Users\Lizette Quiroga\MPLABXProjects\TECLADO POLLING.X\TECLADOYDISP.asm
                    DISP2   0x0000b7    program     static C:\Users\Lizette Quiroga\MPLABXProjects\TECLADO POLLING.X\TECLADOYDISP.asm
                    DISP3   0x0000bc    program     static C:\Users\Lizette Quiroga\MPLABXProjects\TECLADO POLLING.X\TECLADOYDISP.asm
                      DS1   0x00008c    program     static C:\Users\Lizette Quiroga\MPLABXProjects\TECLADO POLLING.X\TECLADOYDISP.asm
                      DS2   0x00008e    program     static C:\Users\Lizette Quiroga\MPLABXProjects\TECLADO POLLING.X\TECLADOYDISP.asm
            ESPERA_SOLTAR   0x00007e    program     static C:\Users\Lizette Quiroga\MPLABXProjects\TECLADO POLLING.X\TECLADOYDISP.asm
                FIN_INTER   0x0000c6    program     static C:\Users\Lizette Quiroga\MPLABXProjects\TECLADO POLLING.X\TECLADOYDISP.asm
             GUARDA_TECLA   0x00007d    program     static C:\Users\Lizette Quiroga\MPLABXProjects\TECLADO POLLING.X\TECLADOYDISP.asm
                   INICIO   0x000010    program     static C:\Users\Lizette Quiroga\MPLABXProjects\TECLADO POLLING.X\TECLADOYDISP.asm
                   INTERB   0x000035    program     static C:\Users\Lizette Quiroga\MPLABXProjects\TECLADO POLLING.X\TECLADOYDISP.asm
                   INTERT   0x00009c    program     static C:\Users\Lizette Quiroga\MPLABXProjects\TECLADO POLLING.X\TECLADOYDISP.asm
                      ISR   0x00002f    program     static C:\Users\Lizette Quiroga\MPLABXProjects\TECLADO POLLING.X\TECLADOYDISP.asm
             LEER_TECLADO   0x000045    program     static C:\Users\Lizette Quiroga\MPLABXProjects\TECLADO POLLING.X\TECLADOYDISP.asm
                     LOOP   0x00002e    program     static C:\Users\Lizette Quiroga\MPLABXProjects\TECLADO POLLING.X\TECLADOYDISP.asm
                    TABLA   0x000005    program     static C:\Users\Lizette Quiroga\MPLABXProjects\TECLADO POLLING.X\TECLADOYDISP.asm
                  TECLA_0   0x000069    program     static C:\Users\Lizette Quiroga\MPLABXProjects\TECLADO POLLING.X\TECLADOYDISP.asm
                  TECLA_1   0x00006b    program     static C:\Users\Lizette Quiroga\MPLABXProjects\TECLADO POLLING.X\TECLADOYDISP.asm
                  TECLA_2   0x00006d    program     static C:\Users\Lizette Quiroga\MPLABXProjects\TECLADO POLLING.X\TECLADOYDISP.asm
                  TECLA_3   0x00006f    program     static C:\Users\Lizette Quiroga\MPLABXProjects\TECLADO POLLING.X\TECLADOYDISP.asm
                  TECLA_4   0x000071    program     static C:\Users\Lizette Quiroga\MPLABXProjects\TECLADO POLLING.X\TECLADOYDISP.asm
                  TECLA_5   0x000073    program     static C:\Users\Lizette Quiroga\MPLABXProjects\TECLADO POLLING.X\TECLADOYDISP.asm
                  TECLA_6   0x000075    program     static C:\Users\Lizette Quiroga\MPLABXProjects\TECLADO POLLING.X\TECLADOYDISP.asm
                  TECLA_7   0x000077    program     static C:\Users\Lizette Quiroga\MPLABXProjects\TECLADO POLLING.X\TECLADOYDISP.asm
                  TECLA_8   0x000079    program     static C:\Users\Lizette Quiroga\MPLABXProjects\TECLADO POLLING.X\TECLADOYDISP.asm
                  TECLA_9   0x00007b    program     static C:\Users\Lizette Quiroga\MPLABXProjects\TECLADO POLLING.X\TECLADOYDISP.asm



                              Symbols - Sorted by Address
                     Name    Address   Location    Storage File                     
                ---------  ---------  ---------  --------- ---------                
                    TABLA   0x000005    program     static C:\Users\Lizette Quiroga\MPLABXProjects\TECLADO POLLING.X\TECLADOYDISP.asm
                   INICIO   0x000010    program     static C:\Users\Lizette Quiroga\MPLABXProjects\TECLADO POLLING.X\TECLADOYDISP.asm
                     LOOP   0x00002e    program     static C:\Users\Lizette Quiroga\MPLABXProjects\TECLADO POLLING.X\TECLADOYDISP.asm
                      ISR   0x00002f    program     static C:\Users\Lizette Quiroga\MPLABXProjects\TECLADO POLLING.X\TECLADOYDISP.asm
                   INTERB   0x000035    program     static C:\Users\Lizette Quiroga\MPLABXProjects\TECLADO POLLING.X\TECLADOYDISP.asm
             LEER_TECLADO   0x000045    program     static C:\Users\Lizette Quiroga\MPLABXProjects\TECLADO POLLING.X\TECLADOYDISP.asm
                  TECLA_0   0x000069    program     static C:\Users\Lizette Quiroga\MPLABXProjects\TECLADO POLLING.X\TECLADOYDISP.asm
                  TECLA_1   0x00006b    program     static C:\Users\Lizette Quiroga\MPLABXProjects\TECLADO POLLING.X\TECLADOYDISP.asm
                  TECLA_2   0x00006d    program     static C:\Users\Lizette Quiroga\MPLABXProjects\TECLADO POLLING.X\TECLADOYDISP.asm
                  TECLA_3   0x00006f    program     static C:\Users\Lizette Quiroga\MPLABXProjects\TECLADO POLLING.X\TECLADOYDISP.asm
                  TECLA_4   0x000071    program     static C:\Users\Lizette Quiroga\MPLABXProjects\TECLADO POLLING.X\TECLADOYDISP.asm
                  TECLA_5   0x000073    program     static C:\Users\Lizette Quiroga\MPLABXProjects\TECLADO POLLING.X\TECLADOYDISP.asm
                  TECLA_6   0x000075    program     static C:\Users\Lizette Quiroga\MPLABXProjects\TECLADO POLLING.X\TECLADOYDISP.asm
                  TECLA_7   0x000077    program     static C:\Users\Lizette Quiroga\MPLABXProjects\TECLADO POLLING.X\TECLADOYDISP.asm
                  TECLA_8   0x000079    program     static C:\Users\Lizette Quiroga\MPLABXProjects\TECLADO POLLING.X\TECLADOYDISP.asm
                  TECLA_9   0x00007b    program     static C:\Users\Lizette Quiroga\MPLABXProjects\TECLADO POLLING.X\TECLADOYDISP.asm
             GUARDA_TECLA   0x00007d    program     static C:\Users\Lizette Quiroga\MPLABXProjects\TECLADO POLLING.X\TECLADOYDISP.asm
            ESPERA_SOLTAR   0x00007e    program     static C:\Users\Lizette Quiroga\MPLABXProjects\TECLADO POLLING.X\TECLADOYDISP.asm
               DELAY_SCAN   0x00008a    program     static C:\Users\Lizette Quiroga\MPLABXProjects\TECLADO POLLING.X\TECLADOYDISP.asm
                      DS1   0x00008c    program     static C:\Users\Lizette Quiroga\MPLABXProjects\TECLADO POLLING.X\TECLADOYDISP.asm
                      DS2   0x00008e    program     static C:\Users\Lizette Quiroga\MPLABXProjects\TECLADO POLLING.X\TECLADOYDISP.asm
              ANTIRREBOTE   0x000093    program     static C:\Users\Lizette Quiroga\MPLABXProjects\TECLADO POLLING.X\TECLADOYDISP.asm
                      AR1   0x000095    program     static C:\Users\Lizette Quiroga\MPLABXProjects\TECLADO POLLING.X\TECLADOYDISP.asm
                      AR2   0x000097    program     static C:\Users\Lizette Quiroga\MPLABXProjects\TECLADO POLLING.X\TECLADOYDISP.asm
                   INTERT   0x00009c    program     static C:\Users\Lizette Quiroga\MPLABXProjects\TECLADO POLLING.X\TECLADOYDISP.asm
                    DISP0   0x0000ad    program     static C:\Users\Lizette Quiroga\MPLABXProjects\TECLADO POLLING.X\TECLADOYDISP.asm
                    DISP1   0x0000b2    program     static C:\Users\Lizette Quiroga\MPLABXProjects\TECLADO POLLING.X\TECLADOYDISP.asm
                    DISP2   0x0000b7    program     static C:\Users\Lizette Quiroga\MPLABXProjects\TECLADO POLLING.X\TECLADOYDISP.asm
                    DISP3   0x0000bc    program     static C:\Users\Lizette Quiroga\MPLABXProjects\TECLADO POLLING.X\TECLADOYDISP.asm
                  AVANZAR   0x0000c0    program     static C:\Users\Lizette Quiroga\MPLABXProjects\TECLADO POLLING.X\TECLADOYDISP.asm
                FIN_INTER   0x0000c6    program     static C:\Users\Lizette Quiroga\MPLABXProjects\TECLADO POLLING.X\TECLADOYDISP.asm


