MPLINK 5.09, LINKER
Linker Map File - Created Wed Apr 22 11:43:56 2026

                                 Section Info
                  Section       Type    Address   Location Size(Bytes)
                ---------  ---------  ---------  ---------  ---------
                   .org_0       code   0x000000    program   0x000002
                   .cinit    romdata   0x000001    program   0x000004
                   .org_1       code   0x000004    program   0x000002
                   .org_2       code   0x000005    program   0x0000ac
.config_2007_BUILD/DEFAULT/PRODUCTION/TP3.O       code   0x002007    program   0x000002
.config_2008_BUILD/DEFAULT/PRODUCTION/TP3.O       code   0x002008    program   0x000002



                              Program Memory Usage 
                               Start         End      
                           ---------   ---------      
                            0x000000    0x000002      
                            0x000004    0x00005a      
                            0x002007    0x002008      
            92 out of 8455 program addresses used, program memory utilization is 1%



                              Symbols - Sorted by Name
                     Name    Address   Location    Storage File                     
                ---------  ---------  ---------  --------- ---------                
                  AVANZAR   0x000051    program     static C:\Users\Lizette Quiroga\MPLABXProjects\INTERRUPCIONESS.X\TP3.asm
                    DISP0   0x00003e    program     static C:\Users\Lizette Quiroga\MPLABXProjects\INTERRUPCIONESS.X\TP3.asm
                    DISP1   0x000043    program     static C:\Users\Lizette Quiroga\MPLABXProjects\INTERRUPCIONESS.X\TP3.asm
                    DISP2   0x000048    program     static C:\Users\Lizette Quiroga\MPLABXProjects\INTERRUPCIONESS.X\TP3.asm
                    DISP3   0x00004d    program     static C:\Users\Lizette Quiroga\MPLABXProjects\INTERRUPCIONESS.X\TP3.asm
                FIN_INTER   0x000056    program     static C:\Users\Lizette Quiroga\MPLABXProjects\INTERRUPCIONESS.X\TP3.asm
                   INICIO   0x000010    program     static C:\Users\Lizette Quiroga\MPLABXProjects\INTERRUPCIONESS.X\TP3.asm
                    INTER   0x00002a    program     static C:\Users\Lizette Quiroga\MPLABXProjects\INTERRUPCIONESS.X\TP3.asm
                     LOOP   0x000029    program     static C:\Users\Lizette Quiroga\MPLABXProjects\INTERRUPCIONESS.X\TP3.asm
                    TABLA   0x000005    program     static C:\Users\Lizette Quiroga\MPLABXProjects\INTERRUPCIONESS.X\TP3.asm



                              Symbols - Sorted by Address
                     Name    Address   Location    Storage File                     
                ---------  ---------  ---------  --------- ---------                
                    TABLA   0x000005    program     static C:\Users\Lizette Quiroga\MPLABXProjects\INTERRUPCIONESS.X\TP3.asm
                   INICIO   0x000010    program     static C:\Users\Lizette Quiroga\MPLABXProjects\INTERRUPCIONESS.X\TP3.asm
                     LOOP   0x000029    program     static C:\Users\Lizette Quiroga\MPLABXProjects\INTERRUPCIONESS.X\TP3.asm
                    INTER   0x00002a    program     static C:\Users\Lizette Quiroga\MPLABXProjects\INTERRUPCIONESS.X\TP3.asm
                    DISP0   0x00003e    program     static C:\Users\Lizette Quiroga\MPLABXProjects\INTERRUPCIONESS.X\TP3.asm
                    DISP1   0x000043    program     static C:\Users\Lizette Quiroga\MPLABXProjects\INTERRUPCIONESS.X\TP3.asm
                    DISP2   0x000048    program     static C:\Users\Lizette Quiroga\MPLABXProjects\INTERRUPCIONESS.X\TP3.asm
                    DISP3   0x00004d    program     static C:\Users\Lizette Quiroga\MPLABXProjects\INTERRUPCIONESS.X\TP3.asm
                  AVANZAR   0x000051    program     static C:\Users\Lizette Quiroga\MPLABXProjects\INTERRUPCIONESS.X\TP3.asm
                FIN_INTER   0x000056    program     static C:\Users\Lizette Quiroga\MPLABXProjects\INTERRUPCIONESS.X\TP3.asm


