MPLINK 5.09, LINKER
Linker Map File - Created Mon Apr 06 23:52:30 2026

                                 Section Info
                  Section       Type    Address   Location Size(Bytes)
                ---------  ---------  ---------  ---------  ---------
                   .org_0       code   0x000000    program   0x000002
                   .cinit    romdata   0x000001    program   0x000004
                   .org_1       code   0x000005    program   0x000070



                              Program Memory Usage 
                               Start         End      
                           ---------   ---------      
                            0x000000    0x000002      
                            0x000005    0x00003c      
            59 out of 8455 program addresses used, program memory utilization is 0%



                              Symbols - Sorted by Name
                     Name    Address   Location    Storage File                     
                ---------  ---------  ---------  --------- ---------                
                    BUCLE   0x00000e    program     static C:\Users\Lizette Quiroga\MPLABXProjects\PrimerProyecto.X\DISPLAY.asm
                   BUCLE1   0x000029    program     static C:\Users\Lizette Quiroga\MPLABXProjects\PrimerProyecto.X\DISPLAY.asm
                   BUCLE2   0x00002b    program     static C:\Users\Lizette Quiroga\MPLABXProjects\PrimerProyecto.X\DISPLAY.asm
                   BUCLE3   0x00002d    program     static C:\Users\Lizette Quiroga\MPLABXProjects\PrimerProyecto.X\DISPLAY.asm
                    DELAY   0x000027    program     static C:\Users\Lizette Quiroga\MPLABXProjects\PrimerProyecto.X\DISPLAY.asm
            ESPERA_SUELTE   0x000036    program     static C:\Users\Lizette Quiroga\MPLABXProjects\PrimerProyecto.X\DISPLAY.asm
             FIN_PULSADOR   0x00003c    program     static C:\Users\Lizette Quiroga\MPLABXProjects\PrimerProyecto.X\DISPLAY.asm
                 PULSADOR   0x000034    program     static C:\Users\Lizette Quiroga\MPLABXProjects\PrimerProyecto.X\DISPLAY.asm
         RUTINA_PRINCIPAL   0x00000c    program     static C:\Users\Lizette Quiroga\MPLABXProjects\PrimerProyecto.X\DISPLAY.asm
                    TABLA   0x00001c    program     static C:\Users\Lizette Quiroga\MPLABXProjects\PrimerProyecto.X\DISPLAY.asm
                  _INICIO   0x000005    program     static C:\Users\Lizette Quiroga\MPLABXProjects\PrimerProyecto.X\DISPLAY.asm



                              Symbols - Sorted by Address
                     Name    Address   Location    Storage File                     
                ---------  ---------  ---------  --------- ---------                
                  _INICIO   0x000005    program     static C:\Users\Lizette Quiroga\MPLABXProjects\PrimerProyecto.X\DISPLAY.asm
         RUTINA_PRINCIPAL   0x00000c    program     static C:\Users\Lizette Quiroga\MPLABXProjects\PrimerProyecto.X\DISPLAY.asm
                    BUCLE   0x00000e    program     static C:\Users\Lizette Quiroga\MPLABXProjects\PrimerProyecto.X\DISPLAY.asm
                    TABLA   0x00001c    program     static C:\Users\Lizette Quiroga\MPLABXProjects\PrimerProyecto.X\DISPLAY.asm
                    DELAY   0x000027    program     static C:\Users\Lizette Quiroga\MPLABXProjects\PrimerProyecto.X\DISPLAY.asm
                   BUCLE1   0x000029    program     static C:\Users\Lizette Quiroga\MPLABXProjects\PrimerProyecto.X\DISPLAY.asm
                   BUCLE2   0x00002b    program     static C:\Users\Lizette Quiroga\MPLABXProjects\PrimerProyecto.X\DISPLAY.asm
                   BUCLE3   0x00002d    program     static C:\Users\Lizette Quiroga\MPLABXProjects\PrimerProyecto.X\DISPLAY.asm
                 PULSADOR   0x000034    program     static C:\Users\Lizette Quiroga\MPLABXProjects\PrimerProyecto.X\DISPLAY.asm
            ESPERA_SUELTE   0x000036    program     static C:\Users\Lizette Quiroga\MPLABXProjects\PrimerProyecto.X\DISPLAY.asm
             FIN_PULSADOR   0x00003c    program     static C:\Users\Lizette Quiroga\MPLABXProjects\PrimerProyecto.X\DISPLAY.asm


